// Jest Snapshot v1, https://goo.gl/fbAQLP

exports[`Description test should render a label 1`] = `
<styled.div>
  <styled.div>
    SUN
  </styled.div>
  <styled.div>
    Сонце — типова зоря головної послідовності спектрального класу G2. Воно майже ідеально сферичне і являє собою гарячу плазму, сплетену магнітними полями. Сонячне випромінювання підтримує життя на Землі (фотони необхідні для початкових стадій процесу фотосинтезу) та визначає клімат нашої планети. Сонце — потужне джерело енергії, яку воно постійно випромінює в усіх ділянках спектра електромагнітних хвиль — від рентгенівських і ультрафіолетових променів до радіохвиль. Це випромінювання сильно впливає на всі тіла Сонячної системи: нагріває їх, позначається на атмосферах планет, дає світло й тепло.
  </styled.div>
</styled.div>
`;

exports[`should render a label 1`] = `
<styled.div>
  <styled.div>
    SUN
  </styled.div>
  <styled.div>
    Сонце — типова зоря головної послідовності спектрального класу G2. Воно майже ідеально сферичне і являє собою гарячу плазму, сплетену магнітними полями. Сонячне випромінювання підтримує життя на Землі (фотони необхідні для початкових стадій процесу фотосинтезу) та визначає клімат нашої планети. Сонце — потужне джерело енергії, яку воно постійно випромінює в усіх ділянках спектра електромагнітних хвиль — від рентгенівських і ультрафіолетових променів до радіохвиль. Це випромінювання сильно впливає на всі тіла Сонячної системи: нагріває їх, позначається на атмосферах планет, дає світло й тепло.
  </styled.div>
</styled.div>
`;
